#0 building with "default" instance using docker driver

#1 [internal] load .dockerignore
#1 transferring context: 124B done
#1 DONE 0.0s

#2 [internal] load build definition from Dockerfile
#2 transferring dockerfile: 606B done
#2 DONE 0.0s

#3 [internal] load metadata for docker.io/library/python:3.10-slim
#3 DONE 0.1s

#4 [1/5] FROM docker.io/library/python:3.10-slim@sha256:25f03d17398b3f001e040fc951b4ee9404862f1b65c5eea1aa31c042dfdab527
#4 resolve docker.io/library/python:3.10-slim@sha256:25f03d17398b3f001e040fc951b4ee9404862f1b65c5eea1aa31c042dfdab527 0.0s done
#4 DONE 0.0s

#5 [internal] load build context
#5 transferring context: 3.35kB done
#5 DONE 0.0s

#6 [2/5] WORKDIR /app/
#6 CACHED

#7 [3/5] COPY . /app
#7 DONE 0.0s

#8 [4/5] COPY requirements/requirements.txt .
#8 DONE 0.0s

#9 [5/5] RUN pip install --no-cache-dir -r requirements.txt
#9 2.124 WARNING: Running pip as the 'root' user can result in broken permissions and conflicting behaviour with the system package manager. It is recommended to use a virtual environment instead: https://pip.pypa.io/warnings/venv
#9 2.260 
#9 2.260 [notice] A new release of pip is available: 23.0.1 -> 23.3.2
#9 2.260 [notice] To update, run: pip install --upgrade pip
#9 DONE 2.4s

#10 exporting to image
#10 exporting layers
#10 exporting layers 0.2s done
#10 writing image sha256:2bc2a03c8fb80e947781c6454210abf9dc79365b580ec26ba313a551ecedf47a done
#10 naming to docker.io/library/hailstone_calculator done
#10 DONE 0.2s
